// Jest Snapshot v1, https://goo.gl/fbAQLP

exports[`RnpExample useABC 1`] = `
{
  "a": "real methodA-0.3167918897895934",
  "b": "real methodB-0.5959480847973675",
  "c": Any<String>,
}
`;

exports[`RnpExample useDTwice 1`] = `
{
  "d1": "real methodD-0.9822143426913119",
  "d2": "real methodD-0.3523185054710709",
}
`;

exports[`RnpExample useDep2 1`] = `
{
  "z": Any<String>,
}
`;

exports[`RnpExample useUnmappedMethodMocked 1`] = `
{
  "error": "FailedDependencyError",
  "message": "Failed to useUnmappedMethod: Unmocked method was called: dep1_A.methodUnmapped",
  "statusCode": 424,
}
`;

exports[`RnpExample useUnmappedMethodRecorder 1`] = `
{
  "unmapped": "real methodUnmapped-0.14017814520237115",
}
`;
